// Jest Snapshot v1, https://goo.gl/fbAQLP

exports[`It should match the snapshot every time it's rendered 1`] = `
Array [
  <h1>
     About 
  </h1>,
  <br />,
  <h2>
     The Team! 
  </h2>,
  <br />,
  <h3>
     Ayesha Raja
  </h3>,
  <p>
    Email: ayesha.raja@qa.com 
  </p>,
  <h3>
     Daniel Ahuchogu 
  </h3>,
  <p>
    Email: daniel.ahuchogu@qa.com 
  </p>,
  <h3>
     Hamza Pervez 
  </h3>,
  <p>
    Email: hamza.pervez@qa.com 
  </p>,
  <h3>
     Siddartha Gurung 
  </h3>,
  <p>
    Email: siddartha.gurung@qa.com 
  </p>,
  <h3>
     Waleed Tahir 
  </h3>,
  <p>
    Email: waleed.tahir@qa.com 
  </p>,
]
`;
